// Jest Snapshot v1, https://goo.gl/fbAQLP

exports[`<Switch /> rendered correctly with default fixture 1`] = `
<Switch
  checked={false}
  disabled={false}
  error=""
  id="demo"
  label="Label"
  name="demo"
  onChange={[Function]}
  value={false}
>
  <div
    checked={false}
    className="outer"
    error=""
    id="demo"
    name="demo"
    onClick={[Function]}
  >
    <div
      className="switchContainer"
    >
      <input
        className="toggleSwitch"
        type="checkbox"
      />
      <span
        className="toggleSlider"
      />
    </div>
    <span
      className="text"
    >
      Label
    </span>
  </div>
</Switch>
`;
